../Core/Src/main.c:116:5:main	32	static,ignoring_inline_asm
../Core/Src/main.c:257:6:SystemClock_Config	120	static
../Core/Src/main.c:312:13:MX_ADC1_Init	48	static
../Core/Src/main.c:390:13:MX_I2C1_Init	8	static
../Core/Src/main.c:438:13:MX_TIM3_Init	40	static
../Core/Src/main.c:483:13:MX_USART3_UART_Init	8	static
../Core/Src/main.c:529:13:MX_DMA_Init	16	static
../Core/Src/main.c:550:13:MX_GPIO_Init	48	static
../Core/Src/main.c:620:6:StartMainTask	264	static
../Core/Src/main.c:654:6:startControllerTask	24	static
../Core/Src/main.c:675:6:startPredictionTask	16	static
../Core/Src/main.c:704:6:HAL_TIM_PeriodElapsedCallback	16	static
../Core/Src/main.c:721:6:Error_Handler	4	static,ignoring_inline_asm
